// Jest Snapshot v1, https://goo.gl/fbAQLP

exports[`Tests in Header should match snapshot 1`] = `
<div>
  <h1
    class="sc-beySPh loJgJR"
  >
    Find My Nearest Place App 🌍
  </h1>
  <input
    class="sc-guDLey dTFHBz"
    name="city"
    placeholder="Type a city"
  />
</div>
`;
